/media/charlotte/E2A28D2BA28D04EF/linux共享分区/电赛/basic_frame/Core/Src/freertos.c:108:6:vApplicationStackOverflowHook	16	static
/media/charlotte/E2A28D2BA28D04EF/linux共享分区/电赛/basic_frame/Core/Src/freertos.c:117:6:vApplicationMallocFailedHook	4	static
/media/charlotte/E2A28D2BA28D04EF/linux共享分区/电赛/basic_frame/Core/Src/freertos.c:137:6:MX_FREERTOS_Init	8	static
/media/charlotte/E2A28D2BA28D04EF/linux共享分区/电赛/basic_frame/Core/Src/freertos.c:191:6:seneor_task_entry	16	static
/media/charlotte/E2A28D2BA28D04EF/linux共享分区/电赛/basic_frame/Core/Src/freertos.c:212:6:printf_entry	16	static
/media/charlotte/E2A28D2BA28D04EF/linux共享分区/电赛/basic_frame/Core/Src/freertos.c:231:6:usb_entry	16	static
/media/charlotte/E2A28D2BA28D04EF/linux共享分区/电赛/basic_frame/Core/Src/freertos.c:250:6:test_task_entry	16	static
/media/charlotte/E2A28D2BA28D04EF/linux共享分区/电赛/basic_frame/Core/Src/freertos.c:269:6:vacuum_entry	16	static
