/media/charlotte/E2A28D2BA28D04EF/linux共享分区/电赛/basic_frame/Core/Src/main.c:82:5:main	8	static,ignoring_inline_asm
/media/charlotte/E2A28D2BA28D04EF/linux共享分区/电赛/basic_frame/Core/Src/main.c:172:6:SystemClock_Config	120	static
/media/charlotte/E2A28D2BA28D04EF/linux共享分区/电赛/basic_frame/Core/Src/main.c:230:6:PeriphCommonClock_Config	192	static
/media/charlotte/E2A28D2BA28D04EF/linux共享分区/电赛/basic_frame/Core/Src/main.c:272:6:MPU_Config	24	static
/media/charlotte/E2A28D2BA28D04EF/linux共享分区/电赛/basic_frame/Core/Src/main.c:307:6:HAL_TIM_PeriodElapsedCallback	16	static
/media/charlotte/E2A28D2BA28D04EF/linux共享分区/电赛/basic_frame/Core/Src/main.c:325:6:Error_Handler	4	static,ignoring_inline_asm
